^C]0;/home/rory/Projects/STAT432/assignment4]0;rory@rory-laptop: ~/Projects/STAT432/assignment4[01;32mrory@rory-laptop[00m:[01;34m~/Projects/STAT432/assignment4[00m$ ^V[Kecho "# stat432ass4" >> README.md
]0;/home/rory/Projects/STAT432/assignment4]0;rory@rory-laptop: ~/Projects/STAT432/assignment4[01;32mrory@rory-laptop[00m:[01;34m~/Projects/STAT432/assignment4[00m$ git init
Initialized empty Git repository in /home/rory/Projects/STAT432/assignment4/.git/
]0;/home/rory/Projects/STAT432/assignment4]0;rory@rory-laptop: ~/Projects/STAT432/assignment4[01;32mrory@rory-laptop[00m:[01;34m~/Projects/STAT432/assignment4[00m$ git add README.md 
]0;/home/rory/Projects/STAT432/assignment4]0;rory@rory-laptop: ~/Projects/STAT432/assignment4[01;32mrory@rory-laptop[00m:[01;34m~/Projects/STAT432/assignment4[00m$ git commit -m "setup"
[master (root-commit) 4f514ad] setup
 1 file changed, 1 insertion(+)
 create mode 100644 README.md
]0;/home/rory/Projects/STAT432/assignment4]0;rory@rory-laptop: ~/Projects/STAT432/assignment4[01;32mrory@rory-laptop[00m:[01;34m~/Projects/STAT432/assignment4[00m$ git branch -m [K[KM main
]0;/home/rory/Projects/STAT432/assignment4]0;rory@rory-laptop: ~/Projects/STAT432/assignment4[01;32mrory@rory-laptop[00m:[01;34m~/Projects/STAT432/assignment4[00m$ git remote add origin https://github.com/rsarten/stat432ass4.git
]0;/home/rory/Projects/STAT432/assignment4]0;rory@rory-laptop: ~/Projects/STAT432/assignment4[01;32mrory@rory-laptop[00m:[01;34m~/Projects/STAT432/assignment4[00m$ git push -u origin main [K[K[K[Kaster[K[K[K[K[K[K[K[K[K[K[K[K[K[K[K[K[K[K[K[K[K[K[K[K[Kgit branch 
[?1h=* [32mmain[m[m
[K[?1l>]0;/home/rory/Projects/STAT432/assignment4]0;rory@rory-laptop: ~/Projects/STAT432/assignment4[01;32mrory@rory-laptop[00m:[01;34m~/Projects/STAT432/assignment4[00m$ git branch 0[K-[K-M master
]0;/home/rory/Projects/STAT432/assignment4]0;rory@rory-laptop: ~/Projects/STAT432/assignment4[01;32mrory@rory-laptop[00m:[01;34m~/Projects/STAT432/assignment4[00m$ git branch 
[?1h=* [32mmaster[m[m
[K[?1l>]0;/home/rory/Projects/STAT432/assignment4]0;rory@rory-laptop: ~/Projects/STAT432/assignment4[01;32mrory@rory-laptop[00m:[01;34m~/Projects/STAT432/assignment4[00m$ git push -u origin master 
error: cannot run rpostback-askpass: No such file or directory
Username for 'https://github.com': rsarten
error: cannot run rpostback-askpass: No such file or directory
Password for 'https://rsarten@github.com': 
Enumerating objects: 3, done.
Counting objects:  33% (1/3)Counting objects:  66% (2/3)Counting objects: 100% (3/3)Counting objects: 100% (3/3), done.
Writing objects:  33% (1/3)Writing objects:  66% (2/3)Writing objects: 100% (3/3)Writing objects: 100% (3/3), 221 bytes | 110.00 KiB/s, done.
Total 3 (delta 0), reused 0 (delta 0), pack-reused 0
To https://github.com/rsarten/stat432ass4.git
 * [new branch]      master -> master
Branch 'master' set up to track remote branch 'master' from 'origin'.
]0;/home/rory/Projects/STAT432/assignment4]0;rory@rory-laptop: ~/Projects/STAT432/assignment4[01;32mrory@rory-laptop[00m:[01;34m~/Projects/STAT432/assignment4[00m$ it [K[K[Kgit status 
On branch master
Your branch is up to date with 'origin/master'.

Untracked files:
  (use "git add <file>..." to include in what will be committed)
	[31m.Rproj.user/[m
	[31massignment4.Rproj[m

nothing added to commit but untracked files present (use "git add" to track)
]0;/home/rory/Projects/STAT432/assignment4]0;rory@rory-laptop: ~/Projects/STAT432/assignment4[01;32mrory@rory-laptop[00m:[01;34m~/Projects/STAT432/assignment4[00m$ ls
assignment4.Rproj  README.md
]0;/home/rory/Projects/STAT432/assignment4]0;rory@rory-laptop: ~/Projects/STAT432/assignment4[01;32mrory@rory-laptop[00m:[01;34m~/Projects/STAT432/assignment4[00m$ git add .
]0;/home/rory/Projects/STAT432/assignment4]0;rory@rory-laptop: ~/Projects/STAT432/assignment4[01;32mrory@rory-laptop[00m:[01;34m~/Projects/STAT432/assignment4[00m$ git commit -m "more"
[master ea66d6b] more
 6 files changed, 151 insertions(+)
 create mode 100644 .Rproj.user/83658059/console06/EF879727
 create mode 100644 .Rproj.user/83658059/console06/EF879727.env
 create mode 100644 .Rproj.user/83658059/console06/INDEX001
 create mode 100644 .Rproj.user/83658059/sources/s-45B8BCB1/lock_file
 create mode 100644 .Rproj.user/shared/notebooks/patch-chunk-names
 create mode 100644 assignment4.Rproj
]0;/home/rory/Projects/STAT432/assignment4]0;rory@rory-laptop: ~/Projects/STAT432/assignment4[01;32mrory@rory-laptop[00m:[01;34m~/Projects/STAT432/assignment4[00m$ git push origin master 
error: cannot run rpostback-askpass: No such file or directory
Username for 'https://github.com': r traffic       rsarten
error: cannot run rpostback-askpass: No such file or directory
Password for 'https://rsarten@github.com': 
Enumerating objects: 15, done.
Counting objects:   6% (1/15)Counting objects:  13% (2/15)Counting objects:  20% (3/15)Counting objects:  26% (4/15)Counting objects:  33% (5/15)Counting objects:  40% (6/15)Counting objects:  46% (7/15)Counting objects:  53% (8/15)Counting objects:  60% (9/15)Counting objects:  66% (10/15)Counting objects:  73% (11/15)Counting objects:  80% (12/15)Counting objects:  86% (13/15)Counting objects:  93% (14/15)Counting objects: 100% (15/15)Counting objects: 100% (15/15), done.
Delta compression using up to 4 threads
Compressing objects:  11% (1/9)Compressing objects:  22% (2/9)Compressing objects:  33% (3/9)Compressing objects:  44% (4/9)Compressing objects:  55% (5/9)Compressing objects:  66% (6/9)Compressing objects:  77% (7/9)Compressing objects:  88% (8/9)Compressing objects: 100% (9/9)Compressing objects: 100% (9/9), done.
Writing objects:   7% (1/14)Writing objects:  14% (2/14)Writing objects:  21% (3/14)Writing objects:  28% (4/14)Writing objects:  35% (5/14)Writing objects:  42% (6/14)Writing objects:  50% (7/14)Writing objects:  57% (8/14)Writing objects:  64% (9/14)Writing objects:  71% (10/14)Writing objects:  78% (11/14)Writing objects:  85% (12/14)Writing objects:  92% (13/14)Writing objects: 100% (14/14)Writing objects: 100% (14/14), 4.07 KiB | 4.07 MiB/s, done.
Total 14 (delta 0), reused 0 (delta 0), pack-reused 0
To https://github.com/rsarten/stat432ass4.git
   4f514ad..ea66d6b  master -> master
]0;/home/rory/Projects/STAT432/assignment4]0;rory@rory-laptop: ~/Projects/STAT432/assignment4[01;32mrory@rory-laptop[00m:[01;34m~/Projects/STAT432/assignment4[00m$ git status 
On branch master
Your branch is up to date with 'origin/master'.

Changes not staged for commit:
  (use "git add <file>..." to update what will be committed)
  (use "git restore <file>..." to discard changes in working directory)
	[31mmodified:   .Rproj.user/83658059/console06/EF879727[m

no changes added to commit (use "git add" and/or "git commit -a")
]0;/home/rory/Projects/STAT432/assignment4]0;rory@rory-laptop: ~/Projects/STAT432/assignment4[01;32mrory@rory-laptop[00m:[01;34m~/Projects/STAT432/assignment4[00m$ ls ,,/ass[K[K[K[K[K[K../assignment3
assignment3.pdf  assignment3.Rmd  assignment3.Rproj  bp_rabbits.csv  permutation_check.R  Q4_d_working.R
]0;/home/rory/Projects/STAT432/assignment4]0;rory@rory-laptop: ~/Projects/STAT432/assignment4[01;32mrory@rory-laptop[00m:[01;34m~/Projects/STAT432/assignment4[00m$ [K]0;rory@rory-laptop: ~/Projects/STAT432/assignment4[01;32mrory@rory-laptop[00m:[01;34m~/Projects/STAT432/assignment4[00m$ [K]0;rory@rory-laptop: ~/Projects/STAT432/assignment4[01;32mrory@rory-laptop[00m:[01;34m~/Projects/STAT432/assignment4[00m$ [K]0;rory@rory-laptop: ~/Projects/STAT432/assignment4[01;32mrory@rory-laptop[00m:[01;34m~/Projects/STAT432/assignment4[00m$ [K]0;rory@rory-laptop: ~/Projects/STAT432/assignment4[01;32mrory@rory-laptop[00m:[01;34m~/Projects/STAT432/assignment4[00m$ git add .
]0;/home/rory/Projects/STAT432/assignment4]0;rory@rory-laptop: ~/Projects/STAT432/assignment4[01;32mrory@rory-laptop[00m:[01;34m~/Projects/STAT432/assignment4[00m$ git status 
On branch master
Your branch is up to date with 'origin/master'.

Changes to be committed:
  (use "git restore --staged <file>..." to unstage)
	[32mmodified:   .Rproj.user/83658059/console06/EF879727[m
	[32mmodified:   .Rproj.user/83658059/console06/INDEX001[m
	[32mnew file:   .Rproj.user/83658059/sources/prop/CACBEB5[m
	[32mnew file:   .Rproj.user/83658059/sources/prop/F965D492[m
	[32mnew file:   .Rproj.user/83658059/sources/prop/INDEX[m
	[32mnew file:   .Rproj.user/83658059/sources/s-45B8BCB1/340AC6F0[m
	[32mnew file:   .Rproj.user/83658059/sources/s-45B8BCB1/340AC6F0-contents[m
	[32mnew file:   .Rproj.user/83658059/sources/s-45B8BCB1/8E1E1AA9[m
	[32mnew file:   .Rproj.user/83658059/sources/s-45B8BCB1/8E1E1AA9-contents[m
	[32mnew file:   .Rproj.user/83658059/sources/s-45B8BCB1/A3258AD2[m
	[32mnew file:   .Rproj.user/83658059/sources/s-45B8BCB1/A3258AD2-contents[m
	[32mnew file:   .Rproj.user/83658059/sources/s-45B8BCB1/D6C329DE[m
	[32mnew file:   .Rproj.user/83658059/sources/s-45B8BCB1/D6C329DE-contents[m
	[32mnew file:   .Rproj.user/shared/notebooks/880ABC42-assignment4/1/8365805945B8BCB1/chunks.json[m
	[32mnew file:   .Rproj.user/shared/notebooks/880ABC42-assignment4/1/s/ca0tyo6j9tili/000002.csv[m
	[32mnew file:   .Rproj.user/shared/notebooks/880ABC42-assignment4/1/s/ch3yg8qa0wocj/000002.csv[m
	[32mnew file:   .Rproj.user/shared/notebooks/880ABC42-assignment4/1/s/chunks.json[m
	[32mnew file:   .Rproj.user/shared/notebooks/880ABC42-assignment4/1/s/co6832ngtoxgl/000007.csv[m
	[32mnew file:   .Rproj.user/shared/notebooks/880ABC42-assignment4/1/s/csetup_chunk/000002.csv[m
	[32mnew file:   .Rproj.user/shared/notebooks/880ABC42-assignment4/1/s/cvrt4e9hf3h8p/000002.csv[m
	[32mnew file:   .Rproj.user/shared/notebooks/880ABC42-assignment4/1/s/cyrs16tg4lv0b/000002.csv[m
	[32mnew file:   .Rproj.user/shared/notebooks/paths[m
	[32mnew file:   a4_2020(2).pdf[m
	[32mnew file:   assignment4.Rmd[m
	[32mnew file:   assignment4.pdf[m
	[32mnew file:   food_prices_kg2019.csv[m
	[32mnew file:   galaxies.csv[m

Changes not staged for commit:
  (use "git add <file>..." to update what will be committed)
  (use "git restore <file>..." to discard changes in working directory)
	[31mmodified:   .Rproj.user/83658059/console06/EF879727[m

]0;/home/rory/Projects/STAT432/assignment4]0;rory@rory-laptop: ~/Projects/STAT432/assignment4[01;32mrory@rory-laptop[00m:[01;34m~/Projects/STAT432/assignment4[00m$ git commit -m "finish Q1"
[master 450c085] finish Q1
 27 files changed, 866 insertions(+), 2 deletions(-)
 rewrite .Rproj.user/83658059/console06/INDEX001 (69%)
 create mode 100644 .Rproj.user/83658059/sources/prop/CACBEB5
 create mode 100644 .Rproj.user/83658059/sources/prop/F965D492
 create mode 100644 .Rproj.user/83658059/sources/prop/INDEX
 create mode 100644 .Rproj.user/83658059/sources/s-45B8BCB1/340AC6F0
 create mode 100644 .Rproj.user/83658059/sources/s-45B8BCB1/340AC6F0-contents
 create mode 100644 .Rproj.user/83658059/sources/s-45B8BCB1/8E1E1AA9
 create mode 100644 .Rproj.user/83658059/sources/s-45B8BCB1/8E1E1AA9-contents
 create mode 100644 .Rproj.user/83658059/sources/s-45B8BCB1/A3258AD2
 create mode 100644 .Rproj.user/83658059/sources/s-45B8BCB1/A3258AD2-contents
 create mode 100644 .Rproj.user/83658059/sources/s-45B8BCB1/D6C329DE
 create mode 100644 .Rproj.user/83658059/sources/s-45B8BCB1/D6C329DE-contents
 create mode 100644 .Rproj.user/shared/notebooks/880ABC42-assignment4/1/8365805945B8BCB1/chunks.json
 create mode 100644 .Rproj.user/shared/notebooks/880ABC42-assignment4/1/s/ca0tyo6j9tili/000002.csv
 create mode 100644 .Rproj.user/shared/notebooks/880ABC42-assignment4/1/s/ch3yg8qa0wocj/000002.csv
 create mode 100644 .Rproj.user/shared/notebooks/880ABC42-assignment4/1/s/chunks.json
 create mode 100644 .Rproj.user/shared/notebooks/880ABC42-assignment4/1/s/co6832ngtoxgl/000007.csv
 create mode 100644 .Rproj.user/shared/notebooks/880ABC42-assignment4/1/s/csetup_chunk/000002.csv
 create mode 100644 .Rproj.user/shared/notebooks/880ABC42-assignment4/1/s/cvrt4e9hf3h8p/000002.csv
 create mode 100644 .Rproj.user/shared/notebooks/880ABC42-assignment4/1/s/cyrs16tg4lv0b/000002.csv
 create mode 100644 .Rproj.user/shared/notebooks/paths
 create mode 100644 a4_2020(2).pdf
 create mode 100644 assignment4.Rmd
 create mode 100644 assignment4.pdf
 create mode 100644 food_prices_kg2019.csv
 create mode 100644 galaxies.csv
]0;/home/rory/Projects/STAT432/assignment4]0;rory@rory-laptop: ~/Projects/STAT432/assignment4[01;32mrory@rory-laptop[00m:[01;34m~/Projects/STAT432/assignment4[00m$ git push origin [K[K[K[K[K[K[K[K[K[K[K[K[K[K[K[Kls
'a4_2020(2).pdf'   assignment4.pdf   assignment4.Rmd   assignment4.Rproj   food_prices_kg2019.csv   galaxies.csv   README.md
]0;/home/rory/Projects/STAT432/assignment4]0;rory@rory-laptop: ~/Projects/STAT432/assignment4[01;32mrory@rory-laptop[00m:[01;34m~/Projects/STAT432/assignment4[00m$ ls -la
total 320
drwxrwxr-x 4 rory rory   4096 Oct  5 22:19  [0m[01;34m.[0m
drwxr-xr-x 6 rory rory   4096 Oct  5 19:39  [01;34m..[0m
-rw-r--r-- 1 rory rory 105376 Oct  5 20:00 'a4_2020(2).pdf'
-rw-rw-r-- 1 rory rory 125753 Oct  5 22:19  assignment4.pdf
-rw-rw-r-- 1 rory rory   1637 Oct  5 22:19  assignment4.Rmd
-rw-rw-r-- 1 rory rory    205 Oct  5 19:39  assignment4.Rproj
-rw-r--r-- 1 rory rory   2457 Oct  5 19:58  food_prices_kg2019.csv
-rw-r--r-- 1 rory rory   1564 Oct  5 19:58  galaxies.csv
drwxrwxr-x 8 rory rory   4096 Oct  5 22:20  [01;34m.git[0m
-rw-rw-r-- 1 rory rory     14 Oct  5 19:42  README.md
drwxrwxr-x 4 rory rory   4096 Oct  5 19:39  [01;34m.Rproj.user[0m
]0;/home/rory/Projects/STAT432/assignment4]0;rory@rory-laptop: ~/Projects/STAT432/assignment4[01;32mrory@rory-laptop[00m:[01;34m~/Projects/STAT432/assignment4[00m$ git add .
]0;/home/rory/Projects/STAT432/assignment4]0;rory@rory-laptop: ~/Projects/STAT432/assignment4[01;32mrory@rory-laptop[00m:[01;34m~/Projects/STAT432/assignment4[00m$ git status 
On branch master
Your branch is ahead of 'origin/master' by 1 commit.
  (use "git push" to publish your local commits)

Changes to be committed:
  (use "git restore --staged <file>..." to unstage)
	[32mmodified:   .Rproj.user/83658059/console06/EF879727[m
	[32mmodified:   .Rproj.user/83658059/sources/prop/INDEX[m
	[32mmodified:   .Rproj.user/shared/notebooks/paths[m
	[32mnew file:   .gitignore[m

Changes not staged for commit:
  (use "git add <file>..." to update what will be committed)
  (use "git restore <file>..." to discard changes in working directory)
	[31mmodified:   .Rproj.user/83658059/console06/EF879727[m

]0;/home/rory/Projects/STAT432/assignment4]0;rory@rory-laptop: ~/Projects/STAT432/assignment4[01;32mrory@rory-laptop[00m:[01;34m~/Projects/STAT432/assignment4[00m$ git status [2Padd .
]0;/home/rory/Projects/STAT432/assignment4]0;rory@rory-laptop: ~/Projects/STAT432/assignment4[01;32mrory@rory-laptop[00m:[01;34m~/Projects/STAT432/assignment4[00m$ git commit -m "update"
[master e480cc4] update
 4 files changed, 105 insertions(+)
 create mode 100644 .gitignore
]0;/home/rory/Projects/STAT432/assignment4]0;rory@rory-laptop: ~/Projects/STAT432/assignment4[01;32mrory@rory-laptop[00m:[01;34m~/Projects/STAT432/assignment4[00m$ git status 
On branch master
Your branch is ahead of 'origin/master' by 2 commits.
  (use "git push" to publish your local commits)

Changes not staged for commit:
  (use "git add <file>..." to update what will be committed)
  (use "git restore <file>..." to discard changes in working directory)
	[31mmodified:   .Rproj.user/83658059/console06/EF879727[m

no changes added to commit (use "git add" and/or "git commit -a")
]0;/home/rory/Projects/STAT432/assignment4]0;rory@rory-laptop: ~/Projects/STAT432/assignment4[01;32mrory@rory-laptop[00m:[01;34m~/Projects/STAT432/assignment4[00m$ git push origin master 
error: cannot run rpostback-askpass: No such file or directory
Username for 'https://github.com': rsarten
error: cannot run rpostback-askpass: No such file or directory
Password for 'https://rsarten@github.com': 
Enumerating objects: 66, done.
Counting objects:   1% (1/66)Counting objects:   3% (2/66)Counting objects:   4% (3/66)Counting objects:   6% (4/66)Counting objects:   7% (5/66)Counting objects:   9% (6/66)Counting objects:  10% (7/66)Counting objects:  12% (8/66)Counting objects:  13% (9/66)Counting objects:  15% (10/66)Counting objects:  16% (11/66)Counting objects:  18% (12/66)Counting objects:  19% (13/66)Counting objects:  21% (14/66)Counting objects:  22% (15/66)Counting objects:  24% (16/66)Counting objects:  25% (17/66)Counting objects:  27% (18/66)Counting objects:  28% (19/66)Counting objects:  30% (20/66)Counting objects:  31% (21/66)Counting objects:  33% (22/66)Counting objects:  34% (23/66)Counting objects:  36% (24/66)Counting objects:  37% (25/66)Counting objects:  39% (26/66)Counting objects:  40% (27/66)Counting objects:  42% (28/66)Counting objects:  43% (29/66)Counting objects:  45% (30/66)Counting objects:  46% (31/66)Counting objects:  48% (32/66)Counting objects:  50% (33/66)Counting objects:  51% (34/66)Counting objects:  53% (35/66)Counting objects:  54% (36/66)Counting objects:  56% (37/66)Counting objects:  57% (38/66)Counting objects:  59% (39/66)Counting objects:  60% (40/66)Counting objects:  62% (41/66)Counting objects:  63% (42/66)Counting objects:  65% (43/66)Counting objects:  66% (44/66)Counting objects:  68% (45/66)Counting objects:  69% (46/66)Counting objects:  71% (47/66)Counting objects:  72% (48/66)Counting objects:  74% (49/66)Counting objects:  75% (50/66)Counting objects:  77% (51/66)Counting objects:  78% (52/66)Counting objects:  80% (53/66)Counting objects:  81% (54/66)Counting objects:  83% (55/66)Counting objects:  84% (56/66)Counting objects:  86% (57/66)Counting objects:  87% (58/66)Counting objects:  89% (59/66)Counting objects:  90% (60/66)Counting objects:  92% (61/66)Counting objects:  93% (62/66)Counting objects:  95% (63/66)Counting objects:  96% (64/66)Counting objects:  98% (65/66)Counting objects: 100% (66/66)Counting objects: 100% (66/66), done.
Delta compression using up to 4 threads
Compressing objects:   2% (1/45)Compressing objects:   4% (2/45)Compressing objects:   6% (3/45)Compressing objects:   8% (4/45)Compressing objects:  11% (5/45)Compressing objects:  13% (6/45)Compressing objects:  15% (7/45)Compressing objects:  17% (8/45)Compressing objects:  20% (9/45)Compressing objects:  22% (10/45)Compressing objects:  24% (11/45)Compressing objects:  26% (12/45)Compressing objects:  28% (13/45)Compressing objects:  31% (14/45)Compressing objects:  33% (15/45)Compressing objects:  35% (16/45)Compressing objects:  37% (17/45)Compressing objects:  40% (18/45)Compressing objects:  42% (19/45)Compressing objects:  44% (20/45)Compressing objects:  46% (21/45)Compressing objects:  48% (22/45)Compressing objects:  51% (23/45)Compressing objects:  53% (24/45)Compressing objects:  55% (25/45)Compressing objects:  57% (26/45)Compressing objects:  60% (27/45)Compressing objects:  62% (28/45)Compressing objects:  64% (29/45)Compressing objects:  66% (30/45)Compressing objects:  68% (31/45)Compressing objects:  71% (32/45)Compressing objects:  73% (33/45)Compressing objects:  75% (34/45)Compressing objects:  77% (35/45)Compressing objects:  80% (36/45)Compressing objects:  82% (37/45)Compressing objects:  84% (38/45)Compressing objects:  86% (39/45)Compressing objects:  88% (40/45)Compressing objects:  91% (41/45)Compressing objects:  93% (42/45)Compressing objects:  95% (43/45)Compressing objects:  97% (44/45)Compressing objects: 100% (45/45)Compressing objects: 100% (45/45), done.
Writing objects:   1% (1/56)Writing objects:   3% (2/56)Writing objects:   5% (3/56)Writing objects:   7% (4/56)Writing objects:   8% (5/56)Writing objects:  10% (6/56)Writing objects:  12% (7/56)Writing objects:  14% (8/56)Writing objects:  16% (9/56)Writing objects:  17% (10/56)Writing objects:  19% (11/56)Writing objects:  21% (12/56)Writing objects:  23% (13/56)Writing objects:  25% (14/56)Writing objects:  26% (15/56)Writing objects:  30% (17/56)Writing objects:  32% (18/56)Writing objects:  33% (19/56)Writing objects:  35% (20/56)Writing objects:  37% (21/56)Writing objects:  39% (22/56)Writing objects:  41% (23/56)Writing objects:  42% (24/56)Writing objects:  44% (25/56)Writing objects:  46% (26/56)Writing objects:  48% (27/56)Writing objects:  50% (28/56)Writing objects:  51% (29/56)Writing objects:  53% (30/56)Writing objects:  55% (31/56)Writing objects:  57% (32/56)Writing objects:  58% (33/56)Writing objects:  60% (34/56)Writing objects:  62% (35/56)Writing objects:  64% (36/56)Writing objects:  66% (37/56)Writing objects:  67% (38/56)Writing objects:  69% (39/56)Writing objects:  71% (40/56)Writing objects:  73% (41/56)Writing objects:  75% (42/56)Writing objects:  76% (43/56)Writing objects:  78% (44/56)Writing objects:  80% (45/56)Writing objects:  82% (46/56)Writing objects:  83% (47/56)Writing objects:  85% (48/56)Writing objects:  87% (49/56)Writing objects:  89% (50/56)Writing objects:  91% (51/56)Writing objects:  92% (52/56)Writing objects:  94% (53/56)Writing objects:  96% (54/56)Writing objects:  98% (55/56)Writing objects: 100% (56/56)Writing objects: 100% (56/56), 235.66 KiB | 14.73 MiB/s, done.
Total 56 (delta 9), reused 0 (delta 0), pack-reused 0
remote: Resolving deltas:   0% (0/9)[Kremote: Resolving deltas:  11% (1/9)[Kremote: Resolving deltas:  22% (2/9)[Kremote: Resolving deltas:  33% (3/9)[Kremote: Resolving deltas:  44% (4/9)[Kremote: Resolving deltas:  66% (6/9)[Kremote: Resolving deltas:  77% (7/9)[Kremote: Resolving deltas:  88% (8/9)[Kremote: Resolving deltas: 100% (9/9)[Kremote: Resolving deltas: 100% (9/9), completed with 1 local object.[K
To https://github.com/rsarten/stat432ass4.git
   ea66d6b..e480cc4  master -> master
]0;/home/rory/Projects/STAT432/assignment4]0;rory@rory-laptop: ~/Projects/STAT432/assignment4[01;32mrory@rory-laptop[00m:[01;34m~/Projects/STAT432/assignment4[00m$ SHUT[K[K[K[Kshutdown now
]0;/home/rory/Projects/STAT432/assignment4]0;rory@rory-laptop: ~/Projects/STAT432/assignment4[01;32mrory@rory-laptop[00m:[01;34m~/Projects/STAT432/assignment4[00m$ git status 
On branch master
Your branch is up to date with 'origin/master'.

Changes not staged for commit:
  (use "git add/rm <file>..." to update what will be committed)
  (use "git restore <file>..." to discard changes in working directory)
	[31mmodified:   .Rproj.user/83658059/console06/EF879727[m
	[31mmodified:   .Rproj.user/83658059/console06/INDEX001[m
	[31mmodified:   .Rproj.user/83658059/sources/prop/CACBEB5[m
	[31mmodified:   .Rproj.user/83658059/sources/prop/F965D492[m
	[31mmodified:   .Rproj.user/83658059/sources/prop/INDEX[m
	[31mdeleted:    .Rproj.user/83658059/sources/s-45B8BCB1/340AC6F0[m
	[31mdeleted:    .Rproj.user/83658059/sources/s-45B8BCB1/340AC6F0-contents[m
	[31mdeleted:    .Rproj.user/83658059/sources/s-45B8BCB1/8E1E1AA9[m
	[31mdeleted:    .Rproj.user/83658059/sources/s-45B8BCB1/8E1E1AA9-contents[m
	[31mdeleted:    .Rproj.user/83658059/sources/s-45B8BCB1/A3258AD2[m
	[31mdeleted:    .Rproj.user/83658059/sources/s-45B8BCB1/A3258AD2-contents[m
	[31mdeleted:    .Rproj.user/83658059/sources/s-45B8BCB1/D6C329DE[m
	[31mdeleted:    .Rproj.user/83658059/sources/s-45B8BCB1/D6C329DE-contents[m
	[31mdeleted:    .Rproj.user/83658059/sources/s-45B8BCB1/lock_file[m
	[31mmodified:   .Rproj.user/shared/notebooks/880ABC42-assignment4/1/s/chunks.json[m
	[31mmodified:   .gitignore[m
	[31mmodified:   assignment4.Rmd[m
	[31mmodified:   assignment4.pdf[m

no changes added to commit (use "git add" and/or "git commit -a")
]0;/home/rory/Projects/STAT432/assignment4]0;rory@rory-laptop: ~/Projects/STAT432/assignment4[01;32mrory@rory-laptop[00m:[01;34m~/Projects/STAT432/assignment4[00m$ git add .
]0;/home/rory/Projects/STAT432/assignment4]0;rory@rory-laptop: ~/Projects/STAT432/assignment4[01;32mrory@rory-laptop[00m:[01;34m~/Projects/STAT432/assignment4[00m$ git status 
On branch master
Your branch is up to date with 'origin/master'.

Changes to be committed:
  (use "git restore --staged <file>..." to unstage)
	[32mmodified:   .Rproj.user/83658059/console06/EF879727[m
	[32mmodified:   .Rproj.user/83658059/console06/EF879727.env[m
	[32mmodified:   .Rproj.user/83658059/console06/INDEX001[m
	[32mmodified:   .Rproj.user/83658059/sources/prop/CACBEB5[m
	[32mmodified:   .Rproj.user/83658059/sources/prop/F965D492[m
	[32mmodified:   .Rproj.user/83658059/sources/prop/INDEX[m
	[32mdeleted:    .Rproj.user/83658059/sources/s-45B8BCB1/340AC6F0[m
	[32mdeleted:    .Rproj.user/83658059/sources/s-45B8BCB1/340AC6F0-contents[m
	[32mdeleted:    .Rproj.user/83658059/sources/s-45B8BCB1/8E1E1AA9[m
	[32mdeleted:    .Rproj.user/83658059/sources/s-45B8BCB1/8E1E1AA9-contents[m
	[32mdeleted:    .Rproj.user/83658059/sources/s-45B8BCB1/A3258AD2[m
	[32mdeleted:    .Rproj.user/83658059/sources/s-45B8BCB1/A3258AD2-contents[m
	[32mdeleted:    .Rproj.user/83658059/sources/s-45B8BCB1/D6C329DE[m
	[32mdeleted:    .Rproj.user/83658059/sources/s-45B8BCB1/D6C329DE-contents[m
	[32mdeleted:    .Rproj.user/83658059/sources/s-45B8BCB1/lock_file[m
	[32mmodified:   .Rproj.user/shared/notebooks/880ABC42-assignment4/1/s/chunks.json[m
	[32mmodified:   .gitignore[m
	[32mmodified:   assignment4.Rmd[m
	[32mmodified:   assignment4.pdf[m

Changes not staged for commit:
  (use "git add <file>..." to update what will be committed)
  (use "git restore <file>..." to discard changes in working directory)
	[31mmodified:   .Rproj.user/83658059/console06/EF879727[m

]0;/home/rory/Projects/STAT432/assignment4]0;rory@rory-laptop: ~/Projects/STAT432/assignment4[01;32mrory@rory-laptop[00m:[01;34m~/Projects/STAT432/assignment4[00m$ git commit -m "finished Q2_b"
[master 57d55ee] finished Q2_b
 19 files changed, 126 insertions(+), 624 deletions(-)
 delete mode 100644 .Rproj.user/83658059/sources/s-45B8BCB1/340AC6F0
 delete mode 100644 .Rproj.user/83658059/sources/s-45B8BCB1/340AC6F0-contents
 delete mode 100644 .Rproj.user/83658059/sources/s-45B8BCB1/8E1E1AA9
 delete mode 100644 .Rproj.user/83658059/sources/s-45B8BCB1/8E1E1AA9-contents
 delete mode 100644 .Rproj.user/83658059/sources/s-45B8BCB1/A3258AD2
 delete mode 100644 .Rproj.user/83658059/sources/s-45B8BCB1/A3258AD2-contents
 delete mode 100644 .Rproj.user/83658059/sources/s-45B8BCB1/D6C329DE
 delete mode 100644 .Rproj.user/83658059/sources/s-45B8BCB1/D6C329DE-contents
 delete mode 100644 .Rproj.user/83658059/sources/s-45B8BCB1/lock_file
 rewrite assignment4.pdf (67%)
]0;/home/rory/Projects/STAT432/assignment4]0;rory@rory-laptop: ~/Projects/STAT432/assignment4[01;32mrory@rory-laptop[00m:[01;34m~/Projects/STAT432/assignment4[00m$ git push origin master 
error: cannot run rpostback-askpass: No such file or directory
Username for 'https://github.com': rsarten
error: cannot run rpostback-askpass: No such file or directory
Password for 'https://rsarten@github.com': 
Enumerating objects: 43, done.
Counting objects:   2% (1/43)Counting objects:   4% (2/43)Counting objects:   6% (3/43)Counting objects:   9% (4/43)Counting objects:  11% (5/43)Counting objects:  13% (6/43)Counting objects:  16% (7/43)Counting objects:  18% (8/43)Counting objects:  20% (9/43)Counting objects:  23% (10/43)Counting objects:  25% (11/43)Counting objects:  27% (12/43)Counting objects:  30% (13/43)Counting objects:  32% (14/43)Counting objects:  34% (15/43)Counting objects:  37% (16/43)Counting objects:  39% (17/43)Counting objects:  41% (18/43)Counting objects:  44% (19/43)Counting objects:  46% (20/43)Counting objects:  48% (21/43)Counting objects:  51% (22/43)Counting objects:  53% (23/43)Counting objects:  55% (24/43)Counting objects:  58% (25/43)Counting objects:  60% (26/43)Counting objects:  62% (27/43)Counting objects:  65% (28/43)Counting objects:  67% (29/43)Counting objects:  69% (30/43)Counting objects:  72% (31/43)Counting objects:  74% (32/43)Counting objects:  76% (33/43)Counting objects:  79% (34/43)Counting objects:  81% (35/43)Counting objects:  83% (36/43)Counting objects:  86% (37/43)Counting objects:  88% (38/43)Counting objects:  90% (39/43)Counting objects:  93% (40/43)Counting objects:  95% (41/43)Counting objects:  97% (42/43)Counting objects: 100% (43/43)Counting objects: 100% (43/43), done.
Delta compression using up to 4 threads
Compressing objects:   5% (1/18)Compressing objects:  11% (2/18)Compressing objects:  16% (3/18)Compressing objects:  22% (4/18)Compressing objects:  27% (5/18)Compressing objects:  33% (6/18)Compressing objects:  38% (7/18)Compressing objects:  44% (8/18)Compressing objects:  50% (9/18)Compressing objects:  55% (10/18)Compressing objects:  61% (11/18)Compressing objects:  66% (12/18)Compressing objects:  72% (13/18)Compressing objects:  77% (14/18)Compressing objects:  83% (15/18)Compressing objects:  88% (16/18)Compressing objects:  94% (17/18)Compressing objects: 100% (18/18)Compressing objects: 100% (18/18), done.
Writing objects:   4% (1/22)Writing objects:   9% (2/22)Writing objects:  13% (3/22)Writing objects:  18% (4/22)Writing objects:  22% (5/22)Writing objects:  27% (6/22)Writing objects:  31% (7/22)Writing objects:  36% (8/22)Writing objects:  40% (9/22)Writing objects:  45% (10/22)Writing objects:  50% (11/22)Writing objects:  54% (12/22)Writing objects:  59% (13/22)Writing objects:  63% (14/22)Writing objects:  68% (15/22)Writing objects:  72% (16/22)Writing objects:  77% (17/22)Writing objects:  81% (18/22)Writing objects:  86% (19/22)Writing objects:  90% (20/22)Writing objects:  95% (21/22)Writing objects: 100% (22/22)Writing objects: 100% (22/22), 152.90 KiB | 11.76 MiB/s, done.
Total 22 (delta 10), reused 0 (delta 0), pack-reused 0
remote: Resolving deltas:   0% (0/10)[Kremote: Resolving deltas:  10% (1/10)[Kremote: Resolving deltas:  20% (2/10)[Kremote: Resolving deltas:  30% (3/10)[Kremote: Resolving deltas:  40% (4/10)[Kremote: Resolving deltas:  50% (5/10)[Kremote: Resolving deltas:  60% (6/10)[Kremote: Resolving deltas:  70% (7/10)[Kremote: Resolving deltas:  80% (8/10)[Kremote: Resolving deltas:  90% (9/10)[Kremote: Resolving deltas: 100% (10/10)[Kremote: Resolving deltas: 100% (10/10), completed with 10 local objects.[K
To https://github.com/rsarten/stat432ass4.git
   e480cc4..57d55ee  master -> master
]0;/home/rory/Projects/STAT432/assignment4]0;rory@rory-laptop: ~/Projects/STAT432/assignment4[01;32mrory@rory-laptop[00m:[01;34m~/Projects/STAT432/assignment4[00m$ git status 
On branch master
Your branch is up to date with 'origin/master'.

Changes not staged for commit:
  (use "git add <file>..." to update what will be committed)
  (use "git restore <file>..." to discard changes in working directory)
	[31mmodified:   .Rproj.user/83658059/console06/EF879727[m

no changes added to commit (use "git add" and/or "git commit -a")
]0;/home/rory/Projects/STAT432/assignment4]0;rory@rory-laptop: ~/Projects/STAT432/assignment4[01;32mrory@rory-laptop[00m:[01;34m~/Projects/STAT432/assignment4[00m$ git add .
]0;/home/rory/Projects/STAT432/assignment4]0;rory@rory-laptop: ~/Projects/STAT432/assignment4[01;32mrory@rory-laptop[00m:[01;34m~/Projects/STAT432/assignment4[00m$ git commit -m "finished Q2_c"[1Pc" c"[C[C
[master 77a5f7a] finished Q2 c
 7 files changed, 122 insertions(+), 6 deletions(-)
]0;/home/rory/Projects/STAT432/assignment4]0;rory@rory-laptop: ~/Projects/STAT432/assignment4[01;32mrory@rory-laptop[00m:[01;34m~/Projects/STAT432/assignment4[00m$ git push origin master 
error: cannot run rpostback-askpass: No such file or directory
Username for 'https://github.com': rsarten
error: cannot run rpostback-askpass: No such file or directory
Password for 'https://rsarten@github.com': 
Enumerating objects: 37, done.
Counting objects:   2% (1/37)Counting objects:   5% (2/37)Counting objects:   8% (3/37)Counting objects:  10% (4/37)Counting objects:  13% (5/37)Counting objects:  16% (6/37)Counting objects:  18% (7/37)Counting objects:  21% (8/37)Counting objects:  24% (9/37)Counting objects:  27% (10/37)Counting objects:  29% (11/37)Counting objects:  32% (12/37)Counting objects:  35% (13/37)Counting objects:  37% (14/37)Counting objects:  40% (15/37)Counting objects:  43% (16/37)Counting objects:  45% (17/37)Counting objects:  48% (18/37)Counting objects:  51% (19/37)Counting objects:  54% (20/37)Counting objects:  56% (21/37)Counting objects:  59% (22/37)Counting objects:  62% (23/37)Counting objects:  64% (24/37)Counting objects:  67% (25/37)Counting objects:  70% (26/37)Counting objects:  72% (27/37)Counting objects:  75% (28/37)Counting objects:  78% (29/37)Counting objects:  81% (30/37)Counting objects:  83% (31/37)Counting objects:  86% (32/37)Counting objects:  89% (33/37)Counting objects:  91% (34/37)Counting objects:  94% (35/37)Counting objects:  97% (36/37)Counting objects: 100% (37/37)Counting objects: 100% (37/37), done.
Delta compression using up to 4 threads
Compressing objects:   6% (1/16)Compressing objects:  12% (2/16)Compressing objects:  18% (3/16)Compressing objects:  25% (4/16)Compressing objects:  31% (5/16)Compressing objects:  37% (6/16)Compressing objects:  43% (7/16)Compressing objects:  50% (8/16)Compressing objects:  56% (9/16)Compressing objects:  62% (10/16)Compressing objects:  68% (11/16)Compressing objects:  75% (12/16)Compressing objects:  81% (13/16)Compressing objects:  87% (14/16)Compressing objects:  93% (15/16)Compressing objects: 100% (16/16)Compressing objects: 100% (16/16), done.
Writing objects:   5% (1/19)Writing objects:  10% (2/19)Writing objects:  15% (3/19)Writing objects:  21% (4/19)Writing objects:  26% (5/19)Writing objects:  31% (6/19)Writing objects:  36% (7/19)Writing objects:  42% (8/19)Writing objects:  47% (9/19)Writing objects:  52% (10/19)Writing objects:  57% (11/19)Writing objects:  63% (12/19)Writing objects:  68% (13/19)Writing objects:  73% (14/19)Writing objects:  78% (15/19)Writing objects:  84% (16/19)Writing objects:  89% (17/19)Writing objects:  94% (18/19)Writing objects: 100% (19/19)Writing objects: 100% (19/19), 171.33 KiB | 14.28 MiB/s, done.
Total 19 (delta 7), reused 0 (delta 0), pack-reused 0
remote: Resolving deltas:   0% (0/7)[Kremote: Resolving deltas:  14% (1/7)[Kremote: Resolving deltas:  28% (2/7)[Kremote: Resolving deltas:  42% (3/7)[Kremote: Resolving deltas:  57% (4/7)[Kremote: Resolving deltas:  71% (5/7)[Kremote: Resolving deltas:  85% (6/7)[Kremote: Resolving deltas: 100% (7/7)[Kremote: Resolving deltas: 100% (7/7), completed with 7 local objects.[K
To https://github.com/rsarten/stat432ass4.git
   57d55ee..77a5f7a  master -> master
]0;/home/rory/Projects/STAT432/assignment4]0;rory@rory-laptop: ~/Projects/STAT432/assignment4[01;32mrory@rory-laptop[00m:[01;34m~/Projects/STAT432/assignment4[00m$ git add .
]0;/home/rory/Projects/STAT432/assignment4]0;rory@rory-laptop: ~/Projects/STAT432/assignment4[01;32mrory@rory-laptop[00m:[01;34m~/Projects/STAT432/assignment4[00m$ git commit -m "start Q [K2 d"
[master 78484c3] start Q2 d
 4 files changed, 53 insertions(+), 5 deletions(-)
]0;/home/rory/Projects/STAT432/assignment4]0;rory@rory-laptop: ~/Projects/STAT432/assignment4[01;32mrory@rory-laptop[00m:[01;34m~/Projects/STAT432/assignment4[00m$ git push origin master 
error: cannot run rpostback-askpass: No such file or directory
Username for 'https://github.com': tr  rsarten
error: cannot run rpostback-askpass: No such file or directory
Password for 'https://rsarten@github.com': 
Enumerating objects: 31, done.
Counting objects:   3% (1/31)Counting objects:   6% (2/31)Counting objects:   9% (3/31)Counting objects:  12% (4/31)Counting objects:  16% (5/31)Counting objects:  19% (6/31)Counting objects:  22% (7/31)Counting objects:  25% (8/31)Counting objects:  29% (9/31)Counting objects:  32% (10/31)Counting objects:  35% (11/31)Counting objects:  38% (12/31)Counting objects:  41% (13/31)Counting objects:  45% (14/31)Counting objects:  48% (15/31)Counting objects:  51% (16/31)Counting objects:  54% (17/31)Counting objects:  58% (18/31)Counting objects:  61% (19/31)Counting objects:  64% (20/31)Counting objects:  67% (21/31)Counting objects:  70% (22/31)Counting objects:  74% (23/31)Counting objects:  77% (24/31)Counting objects:  80% (25/31)Counting objects:  83% (26/31)Counting objects:  87% (27/31)Counting objects:  90% (28/31)Counting objects:  93% (29/31)Counting objects:  96% (30/31)Counting objects: 100% (31/31)Counting objects: 100% (31/31), done.
Delta compression using up to 4 threads
Compressing objects:   7% (1/13)Compressing objects:  15% (2/13)Compressing objects:  23% (3/13)Compressing objects:  30% (4/13)Compressing objects:  38% (5/13)Compressing objects:  46% (6/13)Compressing objects:  53% (7/13)Compressing objects:  61% (8/13)Compressing objects:  69% (9/13)Compressing objects:  76% (10/13)Compressing objects:  84% (11/13)Compressing objects:  92% (12/13)Compressing objects: 100% (13/13)Compressing objects: 100% (13/13), done.
Writing objects:   6% (1/16)Writing objects:  12% (2/16)Writing objects:  18% (3/16)Writing objects:  25% (4/16)Writing objects:  31% (5/16)Writing objects:  37% (6/16)Writing objects:  43% (7/16)Writing objects:  50% (8/16)Writing objects:  56% (9/16)Writing objects:  62% (10/16)Writing objects:  68% (11/16)Writing objects:  75% (12/16)Writing objects:  81% (13/16)Writing objects:  87% (14/16)Writing objects:  93% (15/16)Writing objects: 100% (16/16)Writing objects: 100% (16/16), 2.29 KiB | 1.15 MiB/s, done.
Total 16 (delta 7), reused 0 (delta 0), pack-reused 0
remote: Resolving deltas:   0% (0/7)[Kremote: Resolving deltas:  14% (1/7)[Kremote: Resolving deltas:  28% (2/7)[Kremote: Resolving deltas:  42% (3/7)[Kremote: Resolving deltas:  57% (4/7)[Kremote: Resolving deltas:  71% (5/7)[Kremote: Resolving deltas:  85% (6/7)[Kremote: Resolving deltas: 100% (7/7)[Kremote: Resolving deltas: 100% (7/7), completed with 7 local objects.[K
To https://github.com/rsarten/stat432ass4.git
   77a5f7a..78484c3  master -> master
]0;/home/rory/Projects/STAT432/assignment4]0;rory@rory-laptop: ~/Projects/STAT432/assignment4[01;32mrory@rory-laptop[00m:[01;34m~/Projects/STAT432/assignment4[00m$ git add .
]0;/home/rory/Projects/STAT432/assignment4]0;rory@rory-laptop: ~/Projects/STAT432/assignment4[01;32mrory@rory-laptop[00m:[01;34m~/Projects/STAT432/assignment4[00m$ git commit -m "start Q3"
[master 33ec46f] start Q3
 17 files changed, 531 insertions(+), 84 deletions(-)
 create mode 100644 .RData
 create mode 100644 .Rhistory
 rewrite .Rproj.user/83658059/console06/INDEX001 (100%)
 delete mode 100644 .Rproj.user/shared/notebooks/880ABC42-assignment4/1/s/ca0tyo6j9tili/000002.csv
 delete mode 100644 .Rproj.user/shared/notebooks/880ABC42-assignment4/1/s/ch3yg8qa0wocj/000002.csv
 rewrite .Rproj.user/shared/notebooks/880ABC42-assignment4/1/s/chunks.json (74%)
 delete mode 100644 .Rproj.user/shared/notebooks/880ABC42-assignment4/1/s/co6832ngtoxgl/000007.csv
 delete mode 100644 .Rproj.user/shared/notebooks/880ABC42-assignment4/1/s/cvrt4e9hf3h8p/000002.csv
 delete mode 100644 .Rproj.user/shared/notebooks/880ABC42-assignment4/1/s/cyrs16tg4lv0b/000002.csv
 create mode 100644 beta_MH_example.R
 create mode 100644 question3_play.R
]0;/home/rory/Projects/STAT432/assignment4]0;rory@rory-laptop: ~/Projects/STAT432/assignment4[01;32mrory@rory-laptop[00m:[01;34m~/Projects/STAT432/assignment4[00m$ git psu[K[Kush origin master 
error: cannot run rpostback-askpass: No such file or directory
Username for 'https://github.com': rsarten
error: cannot run rpostback-askpass: No such file or directory
Password for 'https://rsarten@github.com': 
Enumerating objects: 43, done.
Counting objects:   2% (1/43)Counting objects:   4% (2/43)Counting objects:   6% (3/43)Counting objects:   9% (4/43)Counting objects:  11% (5/43)Counting objects:  13% (6/43)Counting objects:  16% (7/43)Counting objects:  18% (8/43)Counting objects:  20% (9/43)Counting objects:  23% (10/43)Counting objects:  25% (11/43)Counting objects:  27% (12/43)Counting objects:  30% (13/43)Counting objects:  32% (14/43)Counting objects:  34% (15/43)Counting objects:  37% (16/43)Counting objects:  39% (17/43)Counting objects:  41% (18/43)Counting objects:  44% (19/43)Counting objects:  46% (20/43)Counting objects:  48% (21/43)Counting objects:  51% (22/43)Counting objects:  53% (23/43)Counting objects:  55% (24/43)Counting objects:  58% (25/43)Counting objects:  60% (26/43)Counting objects:  62% (27/43)Counting objects:  65% (28/43)Counting objects:  67% (29/43)Counting objects:  69% (30/43)Counting objects:  72% (31/43)Counting objects:  74% (32/43)Counting objects:  76% (33/43)Counting objects:  79% (34/43)Counting objects:  81% (35/43)Counting objects:  83% (36/43)Counting objects:  86% (37/43)Counting objects:  88% (38/43)Counting objects:  90% (39/43)Counting objects:  93% (40/43)Counting objects:  95% (41/43)Counting objects:  97% (42/43)Counting objects: 100% (43/43)Counting objects: 100% (43/43), done.
Delta compression using up to 4 threads
Compressing objects:   4% (1/21)Compressing objects:   9% (2/21)Compressing objects:  14% (3/21)Compressing objects:  19% (4/21)Compressing objects:  23% (5/21)Compressing objects:  28% (6/21)Compressing objects:  33% (7/21)Compressing objects:  38% (8/21)Compressing objects:  42% (9/21)Compressing objects:  47% (10/21)Compressing objects:  52% (11/21)Compressing objects:  57% (12/21)Compressing objects:  61% (13/21)Compressing objects:  66% (14/21)Compressing objects:  71% (15/21)Compressing objects:  76% (16/21)Compressing objects:  80% (17/21)Compressing objects:  85% (18/21)Compressing objects:  90% (19/21)Compressing objects:  95% (20/21)Compressing objects: 100% (21/21)Compressing objects: 100% (21/21), done.
Writing objects:   4% (1/24)Writing objects:   8% (2/24)Writing objects:   8% (2/24), 1.05 MiB | 821.00 KiB/sWriting objects:  12% (3/24), 1.98 MiB | 1.08 MiB/s  Writing objects:  16% (4/24), 1.98 MiB | 1.08 MiB/sWriting objects:  20% (5/24), 1.98 MiB | 1.08 MiB/sWriting objects:  25% (6/24), 1.98 MiB | 1.08 MiB/sWriting objects:  29% (7/24), 1.98 MiB | 1.08 MiB/sWriting objects:  33% (8/24), 1.98 MiB | 1.08 MiB/sWriting objects:  37% (9/24), 1.98 MiB | 1.08 MiB/sWriting objects:  41% (10/24), 1.98 MiB | 1.08 MiB/sWriting objects:  45% (11/24), 1.98 MiB | 1.08 MiB/sWriting objects:  50% (12/24), 1.98 MiB | 1.08 MiB/sWriting objects:  54% (13/24), 1.98 MiB | 1.08 MiB/sWriting objects:  58% (14/24), 1.98 MiB | 1.08 MiB/sWriting objects:  62% (15/24), 1.98 MiB | 1.08 MiB/sWriting objects:  66% (16/24), 1.98 MiB | 1.08 MiB/sWriting objects:  70% (17/24), 1.98 MiB | 1.08 MiB/sWriting objects:  75% (18/24), 1.98 MiB | 1.08 MiB/sWriting objects:  79% (19/24), 1.98 MiB | 1.08 MiB/sWriting objects:  83% (20/24), 1.98 MiB | 1.08 MiB/sWriting objects:  87% (21/24), 1.98 MiB | 1.08 MiB/sWriting objects:  91% (22/24), 1.98 MiB | 1.08 MiB/sWriting objects:  95% (23/24), 1.98 MiB | 1.08 MiB/sWriting objects: 100% (24/24), 1.98 MiB | 1.08 MiB/sWriting objects: 100% (24/24), 2.35 MiB | 1.16 MiB/s, done.
Total 24 (delta 6), reused 0 (delta 0), pack-reused 0
remote: Resolving deltas:   0% (0/6)[Kremote: Resolving deltas:  16% (1/6)[Kremote: Resolving deltas:  33% (2/6)[Kremote: Resolving deltas:  50% (3/6)[Kremote: Resolving deltas:  66% (4/6)[Kremote: Resolving deltas:  83% (5/6)[Kremote: Resolving deltas: 100% (6/6)[Kremote: Resolving deltas: 100% (6/6), completed with 6 local objects.[K
To https://github.com/rsarten/stat432ass4.git
   78484c3..33ec46f  master -> master
]0;/home/rory/Projects/STAT432/assignment4]0;rory@rory-laptop: ~/Projects/STAT432/assignment4[01;32mrory@rory-laptop[00m:[01;34m~/Projects/STAT432/assignment4[00m$ shutdown now
]0;/home/rory/Projects/STAT432/assignment4]0;rory@rory-laptop: ~/Projects/STAT432/assignment4[01;32mrory@rory-laptop[00m:[01;34m~/Projects/STAT432/assignment4[00m$ git add .
]0;/home/rory/Projects/STAT432/assignment4]0;rory@rory-laptop: ~/Projects/STAT432/assignment4[01;32mrory@rory-laptop[00m:[01;34m~/Projects/STAT432/assignment4[00m$ git status 
On branch master
Your branch is up to date with 'origin/master'.

Changes to be committed:
  (use "git restore --staged <file>..." to unstage)
	[32mmodified:   .Rproj.user/83658059/console06/EF879727[m
	[32mmodified:   .Rproj.user/83658059/console06/EF879727.env[m
	[32mmodified:   .Rproj.user/83658059/console06/INDEX001[m
	[32mmodified:   .Rproj.user/83658059/sources/prop/CACBEB5[m
	[32mmodified:   .Rproj.user/shared/notebooks/880ABC42-assignment4/1/s/chunks.json[m
	[32mmodified:   assignment4.Rmd[m
	[32mmodified:   assignment4.pdf[m
	[32mmodified:   question3_play.R[m

Changes not staged for commit:
  (use "git add <file>..." to update what will be committed)
  (use "git restore <file>..." to discard changes in working directory)
	[31mmodified:   .Rproj.user/83658059/console06/EF879727[m

]0;/home/rory/Projects/STAT432/assignment4]0;rory@rory-laptop: ~/Projects/STAT432/assignment4[01;32mrory@rory-laptop[00m:[01;34m~/Projects/STAT432/assignment4[00m$ git commit -m "function for Q3"
[master b2749b5] function for Q3
 8 files changed, 115 insertions(+), 13 deletions(-)
 rewrite .Rproj.user/83658059/console06/INDEX001 (86%)
 rewrite question3_play.R (79%)
]0;/home/rory/Projects/STAT432/assignment4]0;rory@rory-laptop: ~/Projects/STAT432/assignment4[01;32mrory@rory-laptop[00m:[01;34m~/Projects/STAT432/assignment4[00m$ git push origin master 
error: cannot run rpostback-askpass: No such file or directory
Username for 'https://github.com': rsarten
error: cannot run rpostback-askpass: No such file or directory
Password for 'https://rsarten@github.com': 
Enumerating objects: 39, done.
Counting objects:   2% (1/39)Counting objects:   5% (2/39)Counting objects:   7% (3/39)Counting objects:  10% (4/39)Counting objects:  12% (5/39)Counting objects:  15% (6/39)Counting objects:  17% (7/39)Counting objects:  20% (8/39)Counting objects:  23% (9/39)Counting objects:  25% (10/39)Counting objects:  28% (11/39)Counting objects:  30% (12/39)Counting objects:  33% (13/39)Counting objects:  35% (14/39)Counting objects:  38% (15/39)Counting objects:  41% (16/39)Counting objects:  43% (17/39)Counting objects:  46% (18/39)Counting objects:  48% (19/39)Counting objects:  51% (20/39)Counting objects:  53% (21/39)Counting objects:  56% (22/39)Counting objects:  58% (23/39)Counting objects:  61% (24/39)Counting objects:  64% (25/39)Counting objects:  66% (26/39)Counting objects:  69% (27/39)Counting objects:  71% (28/39)Counting objects:  74% (29/39)Counting objects:  76% (30/39)Counting objects:  79% (31/39)Counting objects:  82% (32/39)Counting objects:  84% (33/39)Counting objects:  87% (34/39)Counting objects:  89% (35/39)Counting objects:  92% (36/39)Counting objects:  94% (37/39)Counting objects:  97% (38/39)Counting objects: 100% (39/39)Counting objects: 100% (39/39), done.
Delta compression using up to 4 threads
Compressing objects:   5% (1/17)Compressing objects:  11% (2/17)Compressing objects:  17% (3/17)Compressing objects:  23% (4/17)Compressing objects:  29% (5/17)Compressing objects:  35% (6/17)Compressing objects:  41% (7/17)Compressing objects:  47% (8/17)Compressing objects:  52% (9/17)Compressing objects:  58% (10/17)Compressing objects:  64% (11/17)Compressing objects:  70% (12/17)Compressing objects:  76% (13/17)Compressing objects:  82% (14/17)Compressing objects:  88% (15/17)Compressing objects:  94% (16/17)Compressing objects: 100% (17/17)Compressing objects: 100% (17/17), done.
Writing objects:   5% (1/20)Writing objects:  10% (2/20)Writing objects:  15% (3/20)Writing objects:  20% (4/20)Writing objects:  25% (5/20)Writing objects:  30% (6/20)Writing objects:  35% (7/20)Writing objects:  40% (8/20)Writing objects:  45% (9/20)Writing objects:  50% (10/20)Writing objects:  55% (11/20)Writing objects:  60% (12/20)Writing objects:  65% (13/20)Writing objects:  70% (14/20)Writing objects:  75% (15/20)Writing objects:  80% (16/20)Writing objects:  85% (17/20)Writing objects:  90% (18/20)Writing objects:  95% (19/20)Writing objects: 100% (20/20)Writing objects: 100% (20/20), 58.38 KiB | 5.31 MiB/s, done.
Total 20 (delta 9), reused 0 (delta 0), pack-reused 0
remote: Resolving deltas:   0% (0/9)[Kremote: Resolving deltas:  11% (1/9)[Kremote: Resolving deltas:  22% (2/9)[Kremote: Resolving deltas:  33% (3/9)[Kremote: Resolving deltas:  44% (4/9)[Kremote: Resolving deltas:  55% (5/9)[Kremote: Resolving deltas:  66% (6/9)[Kremote: Resolving deltas:  77% (7/9)[Kremote: Resolving deltas:  88% (8/9)[Kremote: Resolving deltas: 100% (9/9)[Kremote: Resolving deltas: 100% (9/9), completed with 9 local objects.[K
To https://github.com/rsarten/stat432ass4.git
   33ec46f..b2749b5  master -> master
]0;/home/rory/Projects/STAT432/assignment4]0;rory@rory-laptop: ~/Projects/STAT432/assignment4[01;32mrory@rory-laptop[00m:[01;34m~/Projects/STAT432/assignment4[00m$ add [K[K[K[Kgit add .
