^C]0;/home/rory/Projects/STAT432/assignment4]0;rory@rory-laptop: ~/Projects/STAT432/assignment4[01;32mrory@rory-laptop[00m:[01;34m~/Projects/STAT432/assignment4[00m$ ^V[Kecho "# stat432ass4" >> README.md
]0;/home/rory/Projects/STAT432/assignment4]0;rory@rory-laptop: ~/Projects/STAT432/assignment4[01;32mrory@rory-laptop[00m:[01;34m~/Projects/STAT432/assignment4[00m$ git init
Initialized empty Git repository in /home/rory/Projects/STAT432/assignment4/.git/
]0;/home/rory/Projects/STAT432/assignment4]0;rory@rory-laptop: ~/Projects/STAT432/assignment4[01;32mrory@rory-laptop[00m:[01;34m~/Projects/STAT432/assignment4[00m$ git add README.md 
]0;/home/rory/Projects/STAT432/assignment4]0;rory@rory-laptop: ~/Projects/STAT432/assignment4[01;32mrory@rory-laptop[00m:[01;34m~/Projects/STAT432/assignment4[00m$ git commit -m "setup"
[master (root-commit) 4f514ad] setup
 1 file changed, 1 insertion(+)
 create mode 100644 README.md
]0;/home/rory/Projects/STAT432/assignment4]0;rory@rory-laptop: ~/Projects/STAT432/assignment4[01;32mrory@rory-laptop[00m:[01;34m~/Projects/STAT432/assignment4[00m$ git branch -m [K[KM main
]0;/home/rory/Projects/STAT432/assignment4]0;rory@rory-laptop: ~/Projects/STAT432/assignment4[01;32mrory@rory-laptop[00m:[01;34m~/Projects/STAT432/assignment4[00m$ git remote add origin https://github.com/rsarten/stat432ass4.git
]0;/home/rory/Projects/STAT432/assignment4]0;rory@rory-laptop: ~/Projects/STAT432/assignment4[01;32mrory@rory-laptop[00m:[01;34m~/Projects/STAT432/assignment4[00m$ git push -u origin main [K[K[K[Kaster[K[K[K[K[K[K[K[K[K[K[K[K[K[K[K[K[K[K[K[K[K[K[K[K[Kgit branch 
[?1h=* [32mmain[m[m
[K[?1l>]0;/home/rory/Projects/STAT432/assignment4]0;rory@rory-laptop: ~/Projects/STAT432/assignment4[01;32mrory@rory-laptop[00m:[01;34m~/Projects/STAT432/assignment4[00m$ git branch 0[K-[K-M master
]0;/home/rory/Projects/STAT432/assignment4]0;rory@rory-laptop: ~/Projects/STAT432/assignment4[01;32mrory@rory-laptop[00m:[01;34m~/Projects/STAT432/assignment4[00m$ git branch 
[?1h=* [32mmaster[m[m
[K[?1l>]0;/home/rory/Projects/STAT432/assignment4]0;rory@rory-laptop: ~/Projects/STAT432/assignment4[01;32mrory@rory-laptop[00m:[01;34m~/Projects/STAT432/assignment4[00m$ git push -u origin master 
error: cannot run rpostback-askpass: No such file or directory
Username for 'https://github.com': rsarten
error: cannot run rpostback-askpass: No such file or directory
Password for 'https://rsarten@github.com': 
Enumerating objects: 3, done.
Counting objects:  33% (1/3)Counting objects:  66% (2/3)Counting objects: 100% (3/3)Counting objects: 100% (3/3), done.
Writing objects:  33% (1/3)Writing objects:  66% (2/3)Writing objects: 100% (3/3)Writing objects: 100% (3/3), 221 bytes | 110.00 KiB/s, done.
Total 3 (delta 0), reused 0 (delta 0), pack-reused 0
To https://github.com/rsarten/stat432ass4.git
 * [new branch]      master -> master
Branch 'master' set up to track remote branch 'master' from 'origin'.
]0;/home/rory/Projects/STAT432/assignment4]0;rory@rory-laptop: ~/Projects/STAT432/assignment4[01;32mrory@rory-laptop[00m:[01;34m~/Projects/STAT432/assignment4[00m$ it [K[K[Kgit status 
On branch master
Your branch is up to date with 'origin/master'.

Untracked files:
  (use "git add <file>..." to include in what will be committed)
	[31m.Rproj.user/[m
	[31massignment4.Rproj[m

nothing added to commit but untracked files present (use "git add" to track)
]0;/home/rory/Projects/STAT432/assignment4]0;rory@rory-laptop: ~/Projects/STAT432/assignment4[01;32mrory@rory-laptop[00m:[01;34m~/Projects/STAT432/assignment4[00m$ ls
assignment4.Rproj  README.md
]0;/home/rory/Projects/STAT432/assignment4]0;rory@rory-laptop: ~/Projects/STAT432/assignment4[01;32mrory@rory-laptop[00m:[01;34m~/Projects/STAT432/assignment4[00m$ git add .